Point.mk (x y : Nat) : Point
Point.x (self : Point) : Nat
1
1
{ x := 1, y := 2 } : Point
2
Pair.mk {α β : Type} (fst : α) (snd : β) : Pair α β
Pair.fst {α β : Type} (self : Pair α β) : α
3
true
PointedType.mk (carrier : Type) (point : carrier) : PointedType
PointedType.mk Nat : Nat → PointedType
PointedType.carrier (self : PointedType) : Type
PointedType.point (self : PointedType) : self.carrier
0
true
evenFour.val : Nat
evenFour.property : IsEven evenFour.val
4
Nat.lt_succ_self (n : Nat) : n < n.succ
lastFromProof 2 : Fin (2 + 1)
2
2
Pointed (α : Type) : Type
@inferInstance : {α : Sort u_1} → [i : α] → α
inferInstance : Pointed Nat
pointPair (α : Type) [Pointed α] : Pair α α
0
pointPair Point : Pair Point Point
0
pointPair_fst (α : Type) [Pointed α] : (pointPair α).fst = Pointed.point
0
{ x := 1, y := 2 } + { x := 3, y := 4 } : Point
4
true
true
{ fst := 1, snd := true } : Pair Nat Bool
Set (X : Type) : Type
setOf {X : Type} (p : X → Prop) : Set X
Membership.{u, v} (α : outParam (Type u)) (γ : Type v) : Type (max u v)
1 ∈ setOf fun n ↦ n = 1 : Prop
(setOf fun n ↦ n = 1) ⊆ setOf fun n ↦ n = 2 : Prop
Set.subset_refl {X : Type} (s : Set X) : s ⊆ s
Geometry.origin : Point
Geometry.origin : Point
